[INFO] Scanning for projects...
[INFO] 
[INFO] ----------------------< com.biosense:iot-backend >----------------------
[INFO] Building BioSense IoT Backend 0.0.1-SNAPSHOT
[INFO]   from pom.xml
[INFO] --------------------------------[ jar ]---------------------------------
[INFO] 
[INFO] --- resources:3.3.1:resources (default-resources) @ iot-backend ---
[INFO] Copying 1 resource from src\main\resources to target\classes
[INFO] Copying 1 resource from src\main\resources to target\classes
[INFO] 
[INFO] --- compiler:3.13.0:compile (default-compile) @ iot-backend ---
[INFO] Recompiling the module because of changed source code.
[INFO] Compiling 54 source files with javac [debug parameters release 17] to target\classes
[INFO] Annotation processing is enabled because one or more processors were found
  on the class path. A future release of javac may disable annotation processing
  unless at least one processor is specified by name (-processor), or a search
  path is specified (--processor-path, --processor-module-path), or annotation
  processing is enabled explicitly (-proc:only, -proc:full).
  Use -Xlint:-options to suppress this message.
  Use -proc:none to disable annotation processing.
[INFO] -------------------------------------------------------------
[ERROR] COMPILATION ERROR : 
[INFO] -------------------------------------------------------------
[ERROR] /c:/Users/alexi/Desktop/BioSenseIoT/backend/src/main/java/com/biosense/iot/sensor/infrastructure/adapter/out/persistence/R2dbcSensorRepositoryAdapter.java:[53,50] ';' expected
[ERROR] /c:/Users/alexi/Desktop/BioSenseIoT/backend/src/main/java/com/biosense/iot/sensor/infrastructure/adapter/out/persistence/R2dbcSensorRepositoryAdapter.java:[53,67] ';' expected
[ERROR] /c:/Users/alexi/Desktop/BioSenseIoT/backend/src/main/java/com/biosense/iot/sensor/infrastructure/adapter/out/persistence/R2dbcSensorRepositoryAdapter.java:[61,46] ';' expected
[ERROR] /c:/Users/alexi/Desktop/BioSenseIoT/backend/src/main/java/com/biosense/iot/sensor/infrastructure/adapter/out/persistence/R2dbcSensorRepositoryAdapter.java:[61,74] ';' expected
[ERROR] /c:/Users/alexi/Desktop/BioSenseIoT/backend/src/main/java/com/biosense/iot/sensor/infrastructure/adapter/out/persistence/R2dbcSensorRepositoryAdapter.java:[81,63] ';' expected
[ERROR] /c:/Users/alexi/Desktop/BioSenseIoT/backend/src/main/java/com/biosense/iot/sensor/infrastructure/adapter/out/persistence/R2dbcSensorRepositoryAdapter.java:[81,89] ';' expected
[ERROR] /c:/Users/alexi/Desktop/BioSenseIoT/backend/src/main/java/com/biosense/iot/sensor/infrastructure/adapter/out/persistence/R2dbcSensorRepositoryAdapter.java:[81,90] not a statement
[ERROR] /c:/Users/alexi/Desktop/BioSenseIoT/backend/src/main/java/com/biosense/iot/sensor/infrastructure/adapter/out/persistence/R2dbcSensorRepositoryAdapter.java:[81,95] ';' expected
[ERROR] /c:/Users/alexi/Desktop/BioSenseIoT/backend/src/main/java/com/biosense/iot/sensor/infrastructure/adapter/out/persistence/R2dbcSensorRepositoryAdapter.java:[100,2] reached end of file while parsing
[INFO] 9 errors 
[INFO] -------------------------------------------------------------
[INFO] ------------------------------------------------------------------------
[INFO] BUILD FAILURE
[INFO] ------------------------------------------------------------------------
[INFO] Total time:  8.769 s
[INFO] Finished at: 2026-04-21T16:26:11-05:00
[INFO] ------------------------------------------------------------------------
[ERROR] Failed to execute goal org.apache.maven.plugins:maven-compiler-plugin:3.13.0:compile (default-compile) on project iot-backend: Compilation failure: Compilation failure: 
[ERROR] /c:/Users/alexi/Desktop/BioSenseIoT/backend/src/main/java/com/biosense/iot/sensor/infrastructure/adapter/out/persistence/R2dbcSensorRepositoryAdapter.java:[53,50] ';' expected
[ERROR] /c:/Users/alexi/Desktop/BioSenseIoT/backend/src/main/java/com/biosense/iot/sensor/infrastructure/adapter/out/persistence/R2dbcSensorRepositoryAdapter.java:[53,67] ';' expected
[ERROR] /c:/Users/alexi/Desktop/BioSenseIoT/backend/src/main/java/com/biosense/iot/sensor/infrastructure/adapter/out/persistence/R2dbcSensorRepositoryAdapter.java:[61,46] ';' expected
[ERROR] /c:/Users/alexi/Desktop/BioSenseIoT/backend/src/main/java/com/biosense/iot/sensor/infrastructure/adapter/out/persistence/R2dbcSensorRepositoryAdapter.java:[61,74] ';' expected
[ERROR] /c:/Users/alexi/Desktop/BioSenseIoT/backend/src/main/java/com/biosense/iot/sensor/infrastructure/adapter/out/persistence/R2dbcSensorRepositoryAdapter.java:[81,63] ';' expected
[ERROR] /c:/Users/alexi/Desktop/BioSenseIoT/backend/src/main/java/com/biosense/iot/sensor/infrastructure/adapter/out/persistence/R2dbcSensorRepositoryAdapter.java:[81,89] ';' expected
[ERROR] /c:/Users/alexi/Desktop/BioSenseIoT/backend/src/main/java/com/biosense/iot/sensor/infrastructure/adapter/out/persistence/R2dbcSensorRepositoryAdapter.java:[81,90] not a statement
[ERROR] /c:/Users/alexi/Desktop/BioSenseIoT/backend/src/main/java/com/biosense/iot/sensor/infrastructure/adapter/out/persistence/R2dbcSensorRepositoryAdapter.java:[81,95] ';' expected
[ERROR] /c:/Users/alexi/Desktop/BioSenseIoT/backend/src/main/java/com/biosense/iot/sensor/infrastructure/adapter/out/persistence/R2dbcSensorRepositoryAdapter.java:[100,2] reached end of file while parsing
[ERROR] -> [Help 1]
[ERROR] 
[ERROR] To see the full stack trace of the errors, re-run Maven with the -e switch.
[ERROR] Re-run Maven using the -X switch to enable full debug logging.
[ERROR] 
[ERROR] For more information about the errors and possible solutions, please read the following articles:
[ERROR] [Help 1] http://cwiki.apache.org/confluence/display/MAVEN/MojoFailureException
